::1 - - [25/Aug/2022:10:16:27 +0000] "GET / HTTP/1.1" 404 47 "-" "Mozilla/5.0 (Windows NT 10.0; Win64; x64) AppleWebKit/537.36 (KHTML, like Gecko) Chrome/104.0.0.0 Safari/537.36"
::1 - - [25/Aug/2022:10:16:27 +0000] "GET /favicon.ico HTTP/1.1" 404 47 "http://localhost:3001/" "Mozilla/5.0 (Windows NT 10.0; Win64; x64) AppleWebKit/537.36 (KHTML, like Gecko) Chrome/104.0.0.0 Safari/537.36"
::1 - - [25/Aug/2022:10:17:10 +0000] "GET / HTTP/1.1" 404 47 "-" "Mozilla/5.0 (Windows NT 10.0; Win64; x64) AppleWebKit/537.36 (KHTML, like Gecko) Chrome/104.0.0.0 Safari/537.36"
::1 - - [25/Aug/2022:11:11:45 +0000] "GET /user/getUser HTTP/1.1" 200 47 "-" "Mozilla/5.0 (Windows NT 10.0; Win64; x64) AppleWebKit/537.36 (KHTML, like Gecko) Chrome/104.0.0.0 Safari/537.36"
::1 - - [25/Aug/2022:11:11:45 +0000] "GET /user/getUser HTTP/1.1" 304 - "-" "Mozilla/5.0 (Windows NT 10.0; Win64; x64) AppleWebKit/537.36 (KHTML, like Gecko) Chrome/104.0.0.0 Safari/537.36"
::1 - - [25/Aug/2022:12:12:16 +0000] "GET /user/getUser HTTP/1.1" 304 - "-" "Mozilla/5.0 (Windows NT 10.0; Win64; x64) AppleWebKit/537.36 (KHTML, like Gecko) Chrome/104.0.0.0 Safari/537.36"
::1 - - [25/Aug/2022:12:12:38 +0000] "GET /user/getUserByMiddleware HTTP/1.1" 200 59 "-" "Mozilla/5.0 (Windows NT 10.0; Win64; x64) AppleWebKit/537.36 (KHTML, like Gecko) Chrome/104.0.0.0 Safari/537.36"
::1 - - [25/Aug/2022:12:14:26 +0000] "GET /user/getUserByMiddleware HTTP/1.1" 200 102 "-" "Mozilla/5.0 (Windows NT 10.0; Win64; x64) AppleWebKit/537.36 (KHTML, like Gecko) Chrome/104.0.0.0 Safari/537.36"
::ffff:127.0.0.1 - - [25/Aug/2022:12:35:10 +0000] "POST /user/postNameByMiddleware HTTP/1.1" 200 69 "-" "Thunder Client (https://www.thunderclient.com)"
::ffff:127.0.0.1 - - [25/Aug/2022:12:35:16 +0000] "POST /user/postNameByMiddleware HTTP/1.1" 200 69 "-" "Thunder Client (https://www.thunderclient.com)"
::ffff:127.0.0.1 - - [25/Aug/2022:12:35:17 +0000] "POST /user/postNameByMiddleware HTTP/1.1" 200 69 "-" "Thunder Client (https://www.thunderclient.com)"
::ffff:127.0.0.1 - - [25/Aug/2022:12:36:13 +0000] "POST /user/postNameByMiddleware HTTP/1.1" 200 69 "-" "Thunder Client (https://www.thunderclient.com)"
::ffff:127.0.0.1 - - [25/Aug/2022:12:37:25 +0000] "POST /user/postNameByMiddleware HTTP/1.1" 200 69 "-" "Thunder Client (https://www.thunderclient.com)"
::ffff:127.0.0.1 - - [25/Aug/2022:12:38:47 +0000] "POST /user/postNameByMiddleware HTTP/1.1" 200 69 "-" "Thunder Client (https://www.thunderclient.com)"
::1 - - [25/Aug/2022:15:51:42 +0000] "GET /user/getUserByMiddleware HTTP/1.1" 200 102 "-" "Mozilla/5.0 (Windows NT 10.0; Win64; x64) AppleWebKit/537.36 (KHTML, like Gecko) Chrome/104.0.0.0 Safari/537.36"
::1 - - [25/Aug/2022:15:51:42 +0000] "GET /favicon.ico HTTP/1.1" 404 47 "http://localhost:3001/user/getUserByMiddleware" "Mozilla/5.0 (Windows NT 10.0; Win64; x64) AppleWebKit/537.36 (KHTML, like Gecko) Chrome/104.0.0.0 Safari/537.36"
::ffff:127.0.0.1 - - [25/Aug/2022:15:55:49 +0000] "POST /user/postNameByMiddleware HTTP/1.1" 200 69 "-" "Thunder Client (https://www.thunderclient.com)"
::ffff:127.0.0.1 - - [25/Aug/2022:15:57:06 +0000] "POST /user/postNameByMiddleware HTTP/1.1" 200 69 "-" "Thunder Client (https://www.thunderclient.com)"
::ffff:127.0.0.1 - - [25/Aug/2022:15:57:40 +0000] "POST /user/postNameByMiddleware HTTP/1.1" 200 83 "-" "Thunder Client (https://www.thunderclient.com)"
::ffff:127.0.0.1 - - [25/Aug/2022:16:43:47 +0000] "POST /user/addUser HTTP/1.1" 400 103 "-" "Thunder Client (https://www.thunderclient.com)"
::ffff:127.0.0.1 - - [25/Aug/2022:16:45:03 +0000] "POST /user/addUser HTTP/1.1" 200 5 "-" "Thunder Client (https://www.thunderclient.com)"
::ffff:127.0.0.1 - - [25/Aug/2022:16:53:33 +0000] "POST /user/addUser HTTP/1.1" 200 5 "-" "Thunder Client (https://www.thunderclient.com)"
::1 - - [25/Aug/2022:17:00:28 +0000] "GET /user/getUser HTTP/1.1" 304 - "-" "Mozilla/5.0 (Windows NT 10.0; Win64; x64) AppleWebKit/537.36 (KHTML, like Gecko) Chrome/104.0.0.0 Safari/537.36"
::1 - - [25/Aug/2022:17:00:34 +0000] "GET /user/getUser HTTP/1.1" 304 - "-" "Mozilla/5.0 (Windows NT 10.0; Win64; x64) AppleWebKit/537.36 (KHTML, like Gecko) Chrome/104.0.0.0 Safari/537.36"
::1 - - [25/Aug/2022:17:00:45 +0000] "GET /user/getUser HTTP/1.1" 304 - "-" "Mozilla/5.0 (Windows NT 10.0; Win64; x64) AppleWebKit/537.36 (KHTML, like Gecko) Chrome/104.0.0.0 Safari/537.36"
::1 - - [25/Aug/2022:17:02:11 +0000] "GET /user/getUsers HTTP/1.1" 400 69 "-" "Mozilla/5.0 (Windows NT 10.0; Win64; x64) AppleWebKit/537.36 (KHTML, like Gecko) Chrome/104.0.0.0 Safari/537.36"
::1 - - [25/Aug/2022:17:02:57 +0000] "GET /user/getUsers HTTP/1.1" 200 240 "-" "Mozilla/5.0 (Windows NT 10.0; Win64; x64) AppleWebKit/537.36 (KHTML, like Gecko) Chrome/104.0.0.0 Safari/537.36"
::ffff:127.0.0.1 - - [26/Aug/2022:20:52:37 +0000] "POST /user/addUser HTTP/1.1" 200 5 "-" "Thunder Client (https://www.thunderclient.com)"
::ffff:127.0.0.1 - - [26/Aug/2022:20:53:08 +0000] "POST /user/addUser HTTP/1.1" 200 5 "-" "Thunder Client (https://www.thunderclient.com)"
::1 - - [26/Aug/2022:20:59:40 +0000] "GET /user/getUsers HTTP/1.1" 400 69 "-" "Mozilla/5.0 (Windows NT 10.0; Win64; x64) AppleWebKit/537.36 (KHTML, like Gecko) Chrome/104.0.0.0 Safari/537.36"
::1 - - [26/Aug/2022:20:59:41 +0000] "GET /favicon.ico HTTP/1.1" 404 47 "http://localhost:3001/user/getUsers" "Mozilla/5.0 (Windows NT 10.0; Win64; x64) AppleWebKit/537.36 (KHTML, like Gecko) Chrome/104.0.0.0 Safari/537.36"
::1 - - [26/Aug/2022:21:01:28 +0000] "GET /user/getUsers HTTP/1.1" 400 69 "-" "Mozilla/5.0 (Windows NT 10.0; Win64; x64) AppleWebKit/537.36 (KHTML, like Gecko) Chrome/104.0.0.0 Safari/537.36"
::1 - - [26/Aug/2022:21:03:03 +0000] "GET /user/getUsers HTTP/1.1" 200 335 "-" "Mozilla/5.0 (Windows NT 10.0; Win64; x64) AppleWebKit/537.36 (KHTML, like Gecko) Chrome/104.0.0.0 Safari/537.36"
::1 - - [26/Aug/2022:21:11:16 +0000] "GET /user/getUsers HTTP/1.1" 200 356 "-" "Mozilla/5.0 (Windows NT 10.0; Win64; x64) AppleWebKit/537.36 (KHTML, like Gecko) Chrome/104.0.0.0 Safari/537.36"
::1 - - [26/Aug/2022:21:11:45 +0000] "GET /user/getUserById:/2 HTTP/1.1" 404 47 "-" "Mozilla/5.0 (Windows NT 10.0; Win64; x64) AppleWebKit/537.36 (KHTML, like Gecko) Chrome/104.0.0.0 Safari/537.36"
::1 - - [26/Aug/2022:21:11:51 +0000] "GET /user/getUserById:/1 HTTP/1.1" 404 47 "-" "Mozilla/5.0 (Windows NT 10.0; Win64; x64) AppleWebKit/537.36 (KHTML, like Gecko) Chrome/104.0.0.0 Safari/537.36"
::1 - - [26/Aug/2022:21:13:20 +0000] "GET /user/getUserById HTTP/1.1" 200 159 "-" "Mozilla/5.0 (Windows NT 10.0; Win64; x64) AppleWebKit/537.36 (KHTML, like Gecko) Chrome/104.0.0.0 Safari/537.36"
::1 - - [26/Aug/2022:21:15:59 +0000] "GET /user/getUserById HTTP/1.1" 200 178 "-" "Mozilla/5.0 (Windows NT 10.0; Win64; x64) AppleWebKit/537.36 (KHTML, like Gecko) Chrome/104.0.0.0 Safari/537.36"
::ffff:127.0.0.1 - - [26/Aug/2022:21:21:23 +0000] "POST /user/addUser HTTP/1.1" 200 5 "-" "Thunder Client (https://www.thunderclient.com)"
::1 - - [26/Aug/2022:21:21:29 +0000] "GET /user/getUsers HTTP/1.1" 200 452 "-" "Mozilla/5.0 (Windows NT 10.0; Win64; x64) AppleWebKit/537.36 (KHTML, like Gecko) Chrome/104.0.0.0 Safari/537.36"
::1 - - [26/Aug/2022:21:22:39 +0000] "GET /user/deleteUserById HTTP/1.1" 400 58 "-" "Mozilla/5.0 (Windows NT 10.0; Win64; x64) AppleWebKit/537.36 (KHTML, like Gecko) Chrome/104.0.0.0 Safari/537.36"
::1 - - [26/Aug/2022:21:24:51 +0000] "GET /user/deleteUserById HTTP/1.1" 400 58 "-" "Mozilla/5.0 (Windows NT 10.0; Win64; x64) AppleWebKit/537.36 (KHTML, like Gecko) Chrome/104.0.0.0 Safari/537.36"
::ffff:127.0.0.1 - - [26/Aug/2022:21:25:32 +0000] "POST /user/addUser HTTP/1.1" 200 5 "-" "Thunder Client (https://www.thunderclient.com)"
::1 - - [26/Aug/2022:21:26:15 +0000] "GET /user/deleteUserById HTTP/1.1" 400 58 "-" "Mozilla/5.0 (Windows NT 10.0; Win64; x64) AppleWebKit/537.36 (KHTML, like Gecko) Chrome/104.0.0.0 Safari/537.36"
::1 - - [26/Aug/2022:21:29:07 +0000] "GET /user/deleteUserById HTTP/1.1" 400 58 "-" "Mozilla/5.0 (Windows NT 10.0; Win64; x64) AppleWebKit/537.36 (KHTML, like Gecko) Chrome/104.0.0.0 Safari/537.36"
::1 - - [26/Aug/2022:21:30:14 +0000] "GET /user/deleteUserById HTTP/1.1" 200 53 "-" "Mozilla/5.0 (Windows NT 10.0; Win64; x64) AppleWebKit/537.36 (KHTML, like Gecko) Chrome/104.0.0.0 Safari/537.36"
::1 - - [26/Aug/2022:21:31:19 +0000] "GET /user/getUsers HTTP/1.1" 200 452 "-" "Mozilla/5.0 (Windows NT 10.0; Win64; x64) AppleWebKit/537.36 (KHTML, like Gecko) Chrome/104.0.0.0 Safari/537.36"
::1 - - [26/Aug/2022:21:31:55 +0000] "GET /user/deleteUserById HTTP/1.1" 200 70 "-" "Mozilla/5.0 (Windows NT 10.0; Win64; x64) AppleWebKit/537.36 (KHTML, like Gecko) Chrome/104.0.0.0 Safari/537.36"
::1 - - [26/Aug/2022:21:32:04 +0000] "GET /user/getUsers HTTP/1.1" 200 346 "-" "Mozilla/5.0 (Windows NT 10.0; Win64; x64) AppleWebKit/537.36 (KHTML, like Gecko) Chrome/104.0.0.0 Safari/537.36"
::1 - - [26/Aug/2022:21:37:56 +0000] "GET /user/getUsers HTTP/1.1" 304 - "-" "Mozilla/5.0 (Windows NT 10.0; Win64; x64) AppleWebKit/537.36 (KHTML, like Gecko) Chrome/104.0.0.0 Safari/537.36"
::1 - - [26/Aug/2022:21:44:53 +0000] "GET /user/getUserByName HTTP/1.1" 200 52 "-" "Mozilla/5.0 (Windows NT 10.0; Win64; x64) AppleWebKit/537.36 (KHTML, like Gecko) Chrome/104.0.0.0 Safari/537.36"
::1 - - [26/Aug/2022:21:46:55 +0000] "GET /user/getUserByName HTTP/1.1" 200 153 "-" "Mozilla/5.0 (Windows NT 10.0; Win64; x64) AppleWebKit/537.36 (KHTML, like Gecko) Chrome/104.0.0.0 Safari/537.36"
::1 - - [26/Aug/2022:21:48:08 +0000] "GET /user/getUserByName HTTP/1.1" 400 184 "-" "Mozilla/5.0 (Windows NT 10.0; Win64; x64) AppleWebKit/537.36 (KHTML, like Gecko) Chrome/104.0.0.0 Safari/537.36"
::1 - - [26/Aug/2022:21:53:38 +0000] "GET /user/getUserByName HTTP/1.1" - - "-" "Mozilla/5.0 (Windows NT 10.0; Win64; x64) AppleWebKit/537.36 (KHTML, like Gecko) Chrome/104.0.0.0 Safari/537.36"
::1 - - [26/Aug/2022:21:53:53 +0000] "GET /user/getUserByName HTTP/1.1" 400 183 "-" "Mozilla/5.0 (Windows NT 10.0; Win64; x64) AppleWebKit/537.36 (KHTML, like Gecko) Chrome/104.0.0.0 Safari/537.36"
::1 - - [26/Aug/2022:21:57:54 +0000] "GET /user/getUserByName HTTP/1.1" - - "-" "Mozilla/5.0 (Windows NT 10.0; Win64; x64) AppleWebKit/537.36 (KHTML, like Gecko) Chrome/104.0.0.0 Safari/537.36"
::1 - - [26/Aug/2022:21:59:37 +0000] "GET /user/getUserByName HTTP/1.1" 400 185 "-" "Mozilla/5.0 (Windows NT 10.0; Win64; x64) AppleWebKit/537.36 (KHTML, like Gecko) Chrome/104.0.0.0 Safari/537.36"
::ffff:127.0.0.1 - - [26/Aug/2022:22:00:17 +0000] "GET /user/getUserByName HTTP/1.1" 200 253 "-" "Mozilla/5.0 (Windows NT 10.0; Win64; x64) AppleWebKit/537.36 (KHTML, like Gecko) Chrome/104.0.0.0 Safari/537.36"
